// Jest Snapshot v1, https://goo.gl/fbAQLP

exports[`Basic Markdown Syntax > Blockquotes 1`] = `
"> Human beings face ever more complex and urgent problems, and their effectiveness in dealing with these problems is a matter that is critical to the stability and continued progress of society.

- Doug Engelbart, 1961
"
`;

exports[`Basic Markdown Syntax > Embeds 1`] = `
"# Notes about Obsidian
A knowledge base that works on local Markdown files

# Link
Link to Obsidian Homepage: http://obsidian.md

---

Link to Obsidian Homepage: http://obsidian.md
"
`;

exports[`Basic Markdown Syntax > Footnotes 1`] = `
"Here's a simple footnote<sup id=\\"fnref:1\\" role=\\"doc-noteref\\">1</sup>





<div class=\\"footnotes\\" role=\\"doc-endnotes\\">
<ol>
<li id=\\"fn:1\\" role=\\"doc-endnote\\"><p>meaningful!&nbsp;</p></li></ol>
</div>
"
`;

exports[`Basic Markdown Syntax > Headers 1`] = `
"# This is a heading 1
## This is a heading 2
### This is a heading 3 
#### This is a heading 4
##### This is a heading 5
###### This is a heading 6"
`;

exports[`Basic Markdown Syntax > Images 1`] = `
"
Insert image with standard markdown syntax

<p style=\\"line-height: 0\\" class=\\"reset-paragraph\\" ><img src=\\"https://picsum.photos/id/1006/500/300\\" alt=\\"Image\\" style=\\"\\" class=\\"\\" ></img></p>


---

Insert image that lies outside of your vault

<p style=\\"line-height: 0\\" class=\\"reset-paragraph\\" ><img src=\\"/localFileSlash/Users/testUser/Desktop/howToUse.png\\" alt=\\"Image\\" style=\\"\\" class=\\"\\" ></img></p>


---

Insert image with obsidian markdown syntax

<p style=\\"line-height: 0\\" class=\\"reset-paragraph\\" ><img src=\\"/documentation/Image.jpg\\" alt=\\"\\" style=\\"\\" class=\\"\\" ></img></p>


---

Scale image to a width of 100 px

<p style=\\"line-height: 0\\" class=\\"reset-paragraph\\" ><img src=\\"/documentation/Image.jpg\\" alt=\\"\\" style=\\"width: 100px\\" class=\\"\\" ></img></p>


---

Scale image to a width of 300x100 px

<p style=\\"line-height: 0\\" class=\\"reset-paragraph\\" ><img src=\\"/documentation/Image.jpg\\" alt=\\"\\" style=\\"object-fit: cover; width: 300px; height: 100px\\" class=\\"\\" ></img></p>


"
`;

exports[`Basic Markdown Syntax > Inline Code 1`] = `
"### Text inside \`backticks\` on a line will be formatted like code.
"
`;

exports[`Basic Markdown Syntax > Links 1`] = `
"External Links

http://obsidian.md - automatic!

[Obsidian](http://obsidian.md)

---

Obsidian URI links

[Link to note](obsidian://open?path=D:%2Fpath%2Fto%2Ffile.md)

[Link to note](obsidian://open?vault=MainVault&file=MyNote.md)

---

Internal Links

This Internal link will be displayed as normal text

This Link will use its alias for displaying

"
`;

exports[`Basic Markdown Syntax > Links 2`] = `
"

Internal Links

This [Internal link](obsidian://open?vault=test-vault&file=Internal%20link) will be displayed as normal text

This [Link](obsidian://open?vault=test-vault&file=Internal%20link) will use its alias for displaying

"
`;

exports[`Basic Markdown Syntax > Lists 1`] = `
"- Item 1
- Item 2
	- Item 2a
	- Item 2b

---

1. Item 1
1. Item 2
1. Item 3
   1. Item 3a
   1. Item 3b
"
`;

exports[`Basic Markdown Syntax > Math 1`] = `
"\`$$egin{vmatrix}a & b\\\\
c & d
end{vmatrix}=ad-bc$$\`
You can also do inline math like \`$s^{-2}_{n}sum_{i=1}^{n}$\`"
`;

exports[`Basic Markdown Syntax > Mermaid 1`] = `
"


<div class=\\"mermaid\\">
sequenceDiagram
    Alice->>+John: Hello John, how are you?
    Alice->>+John: John, can you hear me?
    John-->>-Alice: Hi Alice, I can hear you!
    John-->>-Alice: I feel great!

</div>
"
`;

exports[`Basic Markdown Syntax > Tables 1`] = `
"First Header | Second Header
------------ | ------------
Content from cell 1 | Content from cell 2
Content in the first column | Content in the second column
"
`;

exports[`Basic Markdown Syntax > Text style 1`] = `
"*This text will be italic*

_This will also be italic_

**This text will be bold**

**This will also be bold**


_You **can** combine them_

---

Any word wrapped with two tildes (like ~~this~~) will appear crossed out.

Any word wrapped with two equal signs (like <mark>this</mark>) will appear as highlighted."
`;
